C:/Users/MERT/STM32CubeIDE/workspace_1.18.0/pin_assign/Drivers/BSP/STM32H7RSxx_Nucleo/stm32h7rsxx_nucleo.c:138:9:BSP_GetVersion	4	static
C:/Users/MERT/STM32CubeIDE/workspace_1.18.0/pin_assign/Drivers/BSP/STM32H7RSxx_Nucleo/stm32h7rsxx_nucleo.c:147:16:BSP_GetBoardName	4	static
C:/Users/MERT/STM32CubeIDE/workspace_1.18.0/pin_assign/Drivers/BSP/STM32H7RSxx_Nucleo/stm32h7rsxx_nucleo.c:156:16:BSP_GetBoardID	4	static
C:/Users/MERT/STM32CubeIDE/workspace_1.18.0/pin_assign/Drivers/BSP/STM32H7RSxx_Nucleo/stm32h7rsxx_nucleo.c:174:9:BSP_LED_Init	56	static
C:/Users/MERT/STM32CubeIDE/workspace_1.18.0/pin_assign/Drivers/BSP/STM32H7RSxx_Nucleo/stm32h7rsxx_nucleo.c:215:9:BSP_LED_DeInit	40	static
C:/Users/MERT/STM32CubeIDE/workspace_1.18.0/pin_assign/Drivers/BSP/STM32H7RSxx_Nucleo/stm32h7rsxx_nucleo.c:238:9:BSP_LED_On	16	static
C:/Users/MERT/STM32CubeIDE/workspace_1.18.0/pin_assign/Drivers/BSP/STM32H7RSxx_Nucleo/stm32h7rsxx_nucleo.c:254:9:BSP_LED_Off	16	static
C:/Users/MERT/STM32CubeIDE/workspace_1.18.0/pin_assign/Drivers/BSP/STM32H7RSxx_Nucleo/stm32h7rsxx_nucleo.c:270:9:BSP_LED_Toggle	16	static
C:/Users/MERT/STM32CubeIDE/workspace_1.18.0/pin_assign/Drivers/BSP/STM32H7RSxx_Nucleo/stm32h7rsxx_nucleo.c:285:9:BSP_LED_GetState	24	static
C:/Users/MERT/STM32CubeIDE/workspace_1.18.0/pin_assign/Drivers/BSP/STM32H7RSxx_Nucleo/stm32h7rsxx_nucleo.c:313:9:BSP_PB_Init	64	static
C:/Users/MERT/STM32CubeIDE/workspace_1.18.0/pin_assign/Drivers/BSP/STM32H7RSxx_Nucleo/stm32h7rsxx_nucleo.c:375:9:BSP_PB_DeInit	40	static
C:/Users/MERT/STM32CubeIDE/workspace_1.18.0/pin_assign/Drivers/BSP/STM32H7RSxx_Nucleo/stm32h7rsxx_nucleo.c:392:9:BSP_PB_GetState	16	static
C:/Users/MERT/STM32CubeIDE/workspace_1.18.0/pin_assign/Drivers/BSP/STM32H7RSxx_Nucleo/stm32h7rsxx_nucleo.c:402:13:BSP_PB_Callback	16	static
C:/Users/MERT/STM32CubeIDE/workspace_1.18.0/pin_assign/Drivers/BSP/STM32H7RSxx_Nucleo/stm32h7rsxx_nucleo.c:418:6:BSP_PB_IRQHandler	16	static
C:/Users/MERT/STM32CubeIDE/workspace_1.18.0/pin_assign/Drivers/BSP/STM32H7RSxx_Nucleo/stm32h7rsxx_nucleo.c:440:9:BSP_COM_Init	24	static
C:/Users/MERT/STM32CubeIDE/workspace_1.18.0/pin_assign/Drivers/BSP/STM32H7RSxx_Nucleo/stm32h7rsxx_nucleo.c:496:9:BSP_COM_DeInit	24	static
C:/Users/MERT/STM32CubeIDE/workspace_1.18.0/pin_assign/Drivers/BSP/STM32H7RSxx_Nucleo/stm32h7rsxx_nucleo.c:523:9:BSP_COM_SelectLogPort	16	static
C:/Users/MERT/STM32CubeIDE/workspace_1.18.0/pin_assign/Drivers/BSP/STM32H7RSxx_Nucleo/stm32h7rsxx_nucleo.c:550:1:__io_putchar	16	static
C:/Users/MERT/STM32CubeIDE/workspace_1.18.0/pin_assign/Drivers/BSP/STM32H7RSxx_Nucleo/stm32h7rsxx_nucleo.c:640:13:BUTTON_USER_EXTI_Callback	8	static
C:/Users/MERT/STM32CubeIDE/workspace_1.18.0/pin_assign/Drivers/BSP/STM32H7RSxx_Nucleo/stm32h7rsxx_nucleo.c:654:26:MX_USART3_Init	16	static
C:/Users/MERT/STM32CubeIDE/workspace_1.18.0/pin_assign/Drivers/BSP/STM32H7RSxx_Nucleo/stm32h7rsxx_nucleo.c:674:13:UART_MspInit	80	static
C:/Users/MERT/STM32CubeIDE/workspace_1.18.0/pin_assign/Drivers/BSP/STM32H7RSxx_Nucleo/stm32h7rsxx_nucleo.c:718:13:UART_MspDeInit	16	static
